 Container study-go-frontend-1 Stopping 
 Container study-go-adminer-1 Stopping 
 Container study-go-frontend-1 Stopped 
 Container study-go-frontend-1 Removing 
 Container study-go-adminer-1 Stopped 
 Container study-go-adminer-1 Removing 
 Container study-go-frontend-1 Removed 
 Container study-go-backend-1 Stopping 
 Container study-go-adminer-1 Removed 
 Container study-go-backend-1 Stopped 
 Container study-go-backend-1 Removing 
 Container study-go-backend-1 Removed 
 Container study-go-db-1 Stopping 
 Container study-go-db-1 Stopped 
 Container study-go-db-1 Removing 
 Container study-go-db-1 Removed 
 Volume study-go_db-data Removing 
 Network study-go_default Removing 
 Volume study-go_db-data Removed 
 Network study-go_default Removed 
